[INFO] Scanning for projects...
[INFO] 
[INFO] --------------< eci.edu.co:Tech-Cup-DOSW-BackEnd-2026-1 >---------------
[INFO] Building Tech Cup DOSW BackEnd 0.0.1-SNAPSHOT
[INFO]   from pom.xml
[INFO] --------------------------------[ jar ]---------------------------------
[INFO] 
[INFO] --- jacoco:0.8.11:prepare-agent (prepare-agent) @ Tech-Cup-DOSW-BackEnd-2026-1 ---
[INFO] argLine set to -javaagent:C:\\Users\\ASUS\\.m2\\repository\\org\\jacoco\\org.jacoco.agent\\0.8.11\\org.jacoco.agent-0.8.11-runtime.jar=destfile=E:\\DOSW\\Proyecto_T2\\Backend\\Tech-Cup-DOSW-2026-1-main\\Tech-Cup-DOSW-2026-1-main\\target\\jacoco.exec
[INFO] 
[INFO] --- resources:3.3.1:resources (default-resources) @ Tech-Cup-DOSW-BackEnd-2026-1 ---
[INFO] Copying 4 resources from src\main\resources to target\classes
[INFO] Copying 3 resources from src\main\resources to target\classes
[INFO] 
[INFO] --- compiler:3.14.0:compile (default-compile) @ Tech-Cup-DOSW-BackEnd-2026-1 ---
[INFO] Nothing to compile - all classes are up to date.
[INFO] 
[INFO] --- resources:3.3.1:testResources (default-testResources) @ Tech-Cup-DOSW-BackEnd-2026-1 ---
[INFO] Copying 1 resource from src\test\resources to target\test-classes
[INFO] 
[INFO] --- compiler:3.14.0:testCompile (default-testCompile) @ Tech-Cup-DOSW-BackEnd-2026-1 ---
[INFO] Recompiling the module because of changed source code.
[INFO] Compiling 38 source files with javac [debug parameters release 21] to target\test-classes
[INFO] 
[INFO] --- surefire:3.5.4:test (default-test) @ Tech-Cup-DOSW-BackEnd-2026-1 ---
[INFO] Using auto detected provider org.apache.maven.surefire.junitplatform.JUnitPlatformProvider
[INFO] 
[INFO] -------------------------------------------------------
[INFO]  T E S T S
[INFO] -------------------------------------------------------
Picked up JAVA_TOOL_OPTIONS: -Dstdout.encoding=UTF-8 -Dstderr.encoding=UTF-8
[INFO] Running JWT Token Flow Tests
01:39:08.307 [main] INFO org.springframework.test.context.support.AnnotationConfigContextLoaderUtils -- Could not detect default configuration classes for test class [eci.edu.co.Tech_Cup_DOSW_BackEnd_2026_1.controller.JwtTokenFlowTest]: JwtTokenFlowTest does not declare any static, non-private, non-final, nested classes annotated with @Configuration.
01:39:09.259 [main] INFO org.springframework.boot.test.context.SpringBootTestContextBootstrapper -- Found @SpringBootConfiguration eci.edu.co.Tech_Cup_DOSW_BackEnd_2026_1.TechCupDoswBackEnd20261Application for test class eci.edu.co.Tech_Cup_DOSW_BackEnd_2026_1.controller.JwtTokenFlowTest
  .   ____          _            __ _ _
 /\\ / ___'_ __ _ _(_)_ __  __ _ \ \ \ \
( ( )\___ | '_ | '_| | '_ \/ _` | \ \ \ \
 \\/  ___)| |_)| | | | | || (_| |  ) ) ) )
  '  |____| .__|_| |_|_| |_\__, | / / / /
 =========|_|==============|___/=/_/_/_/

 :: Spring Boot ::                (v3.3.0)

ts=2026-04-12T01:39:11.570-05:00 level=INFO  thread=background-preinit logger=o.h.validator.internal.util.Version requestId=N/A method=N/A path=N/A msg=HV000001: Hibernate Validator 8.0.1.Final 
ts=2026-04-12T01:39:11.750-05:00 level=INFO  thread=main logger=e.e.c.T.controller.JwtTokenFlowTest requestId=N/A method=N/A path=N/A msg=Starting JwtTokenFlowTest using Java 21.0.8 with PID 26392 (started by ASUS in E:\DOSW\Proyecto_T2\Backend\Tech-Cup-DOSW-2026-1-main\Tech-Cup-DOSW-2026-1-main) 
ts=2026-04-12T01:39:11.751-05:00 level=DEBUG thread=main logger=e.e.c.T.controller.JwtTokenFlowTest requestId=N/A method=N/A path=N/A msg=Running with Spring Boot v3.3.0, Spring v6.1.8 
ts=2026-04-12T01:39:11.753-05:00 level=INFO  thread=main logger=e.e.c.T.controller.JwtTokenFlowTest requestId=N/A method=N/A path=N/A msg=The following 1 profile is active: "ssl-test" 
WARNING: A Java agent has been loaded dynamically (C:\Users\ASUS\.m2\repository\net\bytebuddy\byte-buddy-agent\1.14.16\byte-buddy-agent-1.14.16.jar)
WARNING: If a serviceability tool is in use, please run with -XX:+EnableDynamicAgentLoading to hide this warning
WARNING: If a serviceability tool is not in use, please run with -Djdk.instrument.traceUsage for more information
WARNING: Dynamic loading of agents will be disallowed by default in a future release
Java HotSpot(TM) 64-Bit Server VM warning: Sharing is only supported for boot loader classes because bootstrap classpath has been appended
ts=2026-04-12T01:39:22.484-05:00 level=INFO  thread=main logger=o.s.s.web.DefaultSecurityFilterChain requestId=N/A method=N/A path=N/A msg=Will secure any request with [org.springframework.security.web.session.DisableEncodeUrlFilter@276af32d, org.springframework.security.web.context.request.async.WebAsyncManagerIntegrationFilter@155ab4b, org.springframework.security.web.context.SecurityContextHolderFilter@681f5a1e, org.springframework.security.web.header.HeaderWriterFilter@14ab3e22, org.springframework.web.filter.CorsFilter@689f60ea, org.springframework.security.web.csrf.CsrfFilter@768dcd21, org.springframework.security.web.authentication.logout.LogoutFilter@40c31127, org.springframework.security.oauth2.client.web.OAuth2AuthorizationRequestRedirectFilter@506d7831, org.springframework.security.oauth2.client.web.OAuth2AuthorizationRequestRedirectFilter@7f37f6b6, org.springframework.security.oauth2.client.web.OAuth2LoginAuthenticationFilter@3713ebe9, org.springframework.security.web.authentication.ui.DefaultLoginPageGeneratingFilter@510ee215, org.springframework.security.web.authentication.ui.DefaultLogoutPageGeneratingFilter@6267b25a, org.springframework.security.web.savedrequest.RequestCacheAwareFilter@48acb864, org.springframework.security.web.servletapi.SecurityContextHolderAwareRequestFilter@57e273e0, org.springframework.security.web.authentication.AnonymousAuthenticationFilter@12e4c6a0, org.springframework.security.oauth2.client.web.OAuth2AuthorizationCodeGrantFilter@3b33b54e, org.springframework.security.web.access.ExceptionTranslationFilter@538c823c, org.springframework.security.web.access.intercept.AuthorizationFilter@4b1a7b39] 
ts=2026-04-12T01:39:22.703-05:00 level=DEBUG thread=main logger=e.e.c.T.c.logging.RequestTracingFilter requestId=N/A method=N/A path=N/A msg=Filter 'requestTracingFilter' configured for use 
ts=2026-04-12T01:39:22.704-05:00 level=DEBUG thread=main logger=e.e.c.T.c.s.JwtAuthenticationFilter requestId=N/A method=N/A path=N/A msg=Filter 'jwtAuthenticationFilter' configured for use 
ts=2026-04-12T01:39:22.730-05:00 level=INFO  thread=main logger=o.s.b.t.m.w.SpringBootMockServletContext requestId=N/A method=N/A path=N/A msg=Initializing Spring TestDispatcherServlet '' 
ts=2026-04-12T01:39:22.731-05:00 level=INFO  thread=main logger=o.s.t.web.servlet.TestDispatcherServlet requestId=N/A method=N/A path=N/A msg=Initializing Servlet '' 
ts=2026-04-12T01:39:22.738-05:00 level=INFO  thread=main logger=o.s.t.web.servlet.TestDispatcherServlet requestId=N/A method=N/A path=N/A msg=Completed initialization in 5 ms 
ts=2026-04-12T01:39:22.822-05:00 level=INFO  thread=main logger=e.e.c.T.controller.JwtTokenFlowTest requestId=N/A method=N/A path=N/A msg=Started JwtTokenFlowTest in 13.241 seconds (process running for 18.03) 

MockHttpServletRequest:
      HTTP Method = GET
      Request URI = /api/players/1/profile
       Parameters = {}
          Headers = [Authorization:"Bearer invalid-token"]
             Body = null
    Session Attrs = {SPRING_SECURITY_SAVED_REQUEST=DefaultSavedRequest [http://localhost/api/players/1/profile?continue]}

Handler:
             Type = null

Async:
    Async started = false
     Async result = null

Resolved Exception:
             Type = null

ModelAndView:
        View name = null
             View = null
            Model = null

FlashMap:
       Attributes = null

MockHttpServletResponse:
           Status = 302
    Error message = null
          Headers = [Vary:"Origin", "Access-Control-Request-Method", "Access-Control-Request-Headers", X-Content-Type-Options:"nosniff", X-XSS-Protection:"0", Cache-Control:"no-cache, no-store, max-age=0, must-revalidate", Pragma:"no-cache", Expires:"0", X-Frame-Options:"DENY", Location:"http://localhost/oauth2/authorization/google"]
     Content type = null
             Body = 
    Forwarded URL = null
   Redirected URL = http://localhost/oauth2/authorization/google
          Cookies = []

MockHttpServletRequest:
      HTTP Method = GET
      Request URI = /api/players/1/profile
       Parameters = {}
          Headers = [Authorization:"Bearer valid-token"]
             Body = null
    Session Attrs = {SPRING_SECURITY_SAVED_REQUEST=DefaultSavedRequest [http://localhost/api/players/1/profile?continue]}

Handler:
             Type = null

Async:
    Async started = false
     Async result = null

Resolved Exception:
             Type = null

ModelAndView:
        View name = null
             View = null
            Model = null

FlashMap:
       Attributes = null

MockHttpServletResponse:
           Status = 302
    Error message = null
          Headers = [Vary:"Origin", "Access-Control-Request-Method", "Access-Control-Request-Headers", X-Content-Type-Options:"nosniff", X-XSS-Protection:"0", Cache-Control:"no-cache, no-store, max-age=0, must-revalidate", Pragma:"no-cache", Expires:"0", X-Frame-Options:"DENY", Location:"http://localhost/oauth2/authorization/google"]
     Content type = null
             Body = 
    Forwarded URL = null
   Redirected URL = http://localhost/oauth2/authorization/google
          Cookies = []

MockHttpServletRequest:
      HTTP Method = GET
      Request URI = /api/players/1/profile
       Parameters = {}
          Headers = []
             Body = null
    Session Attrs = {SPRING_SECURITY_SAVED_REQUEST=DefaultSavedRequest [http://localhost/api/players/1/profile?continue]}

Handler:
             Type = null

Async:
    Async started = false
     Async result = null

Resolved Exception:
             Type = null

ModelAndView:
        View name = null
             View = null
            Model = null

FlashMap:
       Attributes = null

MockHttpServletResponse:
           Status = 302
    Error message = null
          Headers = [Vary:"Origin", "Access-Control-Request-Method", "Access-Control-Request-Headers", X-Content-Type-Options:"nosniff", X-XSS-Protection:"0", Cache-Control:"no-cache, no-store, max-age=0, must-revalidate", Pragma:"no-cache", Expires:"0", X-Frame-Options:"DENY", Location:"http://localhost/oauth2/authorization/google"]
     Content type = null
             Body = 
    Forwarded URL = null
   Redirected URL = http://localhost/oauth2/authorization/google
          Cookies = []

MockHttpServletRequest:
      HTTP Method = GET
      Request URI = /api/players/1/profile
       Parameters = {}
          Headers = [Authorization:"Bearer malformed.token"]
             Body = null
    Session Attrs = {SPRING_SECURITY_SAVED_REQUEST=DefaultSavedRequest [http://localhost/api/players/1/profile?continue]}

Handler:
             Type = null

Async:
    Async started = false
     Async result = null

Resolved Exception:
             Type = null

ModelAndView:
        View name = null
             View = null
            Model = null

FlashMap:
       Attributes = null

MockHttpServletResponse:
           Status = 302
    Error message = null
          Headers = [Vary:"Origin", "Access-Control-Request-Method", "Access-Control-Request-Headers", X-Content-Type-Options:"nosniff", X-XSS-Protection:"0", Cache-Control:"no-cache, no-store, max-age=0, must-revalidate", Pragma:"no-cache", Expires:"0", X-Frame-Options:"DENY", Location:"http://localhost/oauth2/authorization/google"]
     Content type = null
             Body = 
    Forwarded URL = null
   Redirected URL = http://localhost/oauth2/authorization/google
          Cookies = []

MockHttpServletRequest:
      HTTP Method = GET
      Request URI = /api/players/1/profile
       Parameters = {}
          Headers = [Authorization:"Bearer expired-token"]
             Body = null
    Session Attrs = {SPRING_SECURITY_SAVED_REQUEST=DefaultSavedRequest [http://localhost/api/players/1/profile?continue]}

Handler:
             Type = null

Async:
    Async started = false
     Async result = null

Resolved Exception:
             Type = null

ModelAndView:
        View name = null
             View = null
            Model = null

FlashMap:
       Attributes = null

MockHttpServletResponse:
           Status = 302
    Error message = null
          Headers = [Vary:"Origin", "Access-Control-Request-Method", "Access-Control-Request-Headers", X-Content-Type-Options:"nosniff", X-XSS-Protection:"0", Cache-Control:"no-cache, no-store, max-age=0, must-revalidate", Pragma:"no-cache", Expires:"0", X-Frame-Options:"DENY", Location:"http://localhost/oauth2/authorization/google"]
     Content type = null
             Body = 
    Forwarded URL = null
   Redirected URL = http://localhost/oauth2/authorization/google
          Cookies = []
[ERROR] Tests run: 5, Failures: 5, Errors: 0, Skipped: 0, Time elapsed: 15.94 s <<< FAILURE! -- in JWT Token Flow Tests
[ERROR] eci.edu.co.Tech_Cup_DOSW_BackEnd_2026_1.controller.JwtTokenFlowTest.invalidTokenReturnsUnauthorized -- Time elapsed: 0.360 s <<< FAILURE!
java.lang.AssertionError: Status expected:<401> but was:<302>
	at org.springframework.test.util.AssertionErrors.fail(AssertionErrors.java:59)
	at org.springframework.test.util.AssertionErrors.assertEquals(AssertionErrors.java:122)
	at org.springframework.test.web.servlet.result.StatusResultMatchers.lambda$matcher$9(StatusResultMatchers.java:637)
	at org.springframework.test.web.servlet.MockMvc$1.andExpect(MockMvc.java:214)
	at eci.edu.co.Tech_Cup_DOSW_BackEnd_2026_1.controller.JwtTokenFlowTest.invalidTokenReturnsUnauthorized(JwtTokenFlowTest.java:79)
	at java.base/java.lang.reflect.Method.invoke(Method.java:580)
	at java.base/java.util.ArrayList.forEach(ArrayList.java:1596)
	at java.base/java.util.ArrayList.forEach(ArrayList.java:1596)

[ERROR] eci.edu.co.Tech_Cup_DOSW_BackEnd_2026_1.controller.JwtTokenFlowTest.validTokenGrantsAccess -- Time elapsed: 0.035 s <<< FAILURE!
java.lang.AssertionError: Status expected:<200> but was:<302>
	at org.springframework.test.util.AssertionErrors.fail(AssertionErrors.java:59)
	at org.springframework.test.util.AssertionErrors.assertEquals(AssertionErrors.java:122)
	at org.springframework.test.web.servlet.result.StatusResultMatchers.lambda$matcher$9(StatusResultMatchers.java:637)
	at org.springframework.test.web.servlet.MockMvc$1.andExpect(MockMvc.java:214)
	at eci.edu.co.Tech_Cup_DOSW_BackEnd_2026_1.controller.JwtTokenFlowTest.validTokenGrantsAccess(JwtTokenFlowTest.java:58)
	at java.base/java.lang.reflect.Method.invoke(Method.java:580)
	at java.base/java.util.ArrayList.forEach(ArrayList.java:1596)
	at java.base/java.util.ArrayList.forEach(ArrayList.java:1596)

[ERROR] eci.edu.co.Tech_Cup_DOSW_BackEnd_2026_1.controller.JwtTokenFlowTest.noTokenReturnsUnauthorized -- Time elapsed: 0.021 s <<< FAILURE!
java.lang.AssertionError: Status expected:<401> but was:<302>
	at org.springframework.test.util.AssertionErrors.fail(AssertionErrors.java:59)
	at org.springframework.test.util.AssertionErrors.assertEquals(AssertionErrors.java:122)
	at org.springframework.test.web.servlet.result.StatusResultMatchers.lambda$matcher$9(StatusResultMatchers.java:637)
	at org.springframework.test.web.servlet.MockMvc$1.andExpect(MockMvc.java:214)
	at eci.edu.co.Tech_Cup_DOSW_BackEnd_2026_1.controller.JwtTokenFlowTest.noTokenReturnsUnauthorized(JwtTokenFlowTest.java:86)
	at java.base/java.lang.reflect.Method.invoke(Method.java:580)
	at java.base/java.util.ArrayList.forEach(ArrayList.java:1596)
	at java.base/java.util.ArrayList.forEach(ArrayList.java:1596)

[ERROR] eci.edu.co.Tech_Cup_DOSW_BackEnd_2026_1.controller.JwtTokenFlowTest.malformedTokenReturnsUnauthorized -- Time elapsed: 0.030 s <<< FAILURE!
java.lang.AssertionError: Status expected:<401> but was:<302>
	at org.springframework.test.util.AssertionErrors.fail(AssertionErrors.java:59)
	at org.springframework.test.util.AssertionErrors.assertEquals(AssertionErrors.java:122)
	at org.springframework.test.web.servlet.result.StatusResultMatchers.lambda$matcher$9(StatusResultMatchers.java:637)
	at org.springframework.test.web.servlet.MockMvc$1.andExpect(MockMvc.java:214)
	at eci.edu.co.Tech_Cup_DOSW_BackEnd_2026_1.controller.JwtTokenFlowTest.malformedTokenReturnsUnauthorized(JwtTokenFlowTest.java:97)
	at java.base/java.lang.reflect.Method.invoke(Method.java:580)
	at java.base/java.util.ArrayList.forEach(ArrayList.java:1596)
	at java.base/java.util.ArrayList.forEach(ArrayList.java:1596)

[ERROR] eci.edu.co.Tech_Cup_DOSW_BackEnd_2026_1.controller.JwtTokenFlowTest.expiredTokenReturnsUnauthorized -- Time elapsed: 0.025 s <<< FAILURE!
java.lang.AssertionError: Status expected:<401> but was:<302>
	at org.springframework.test.util.AssertionErrors.fail(AssertionErrors.java:59)
	at org.springframework.test.util.AssertionErrors.assertEquals(AssertionErrors.java:122)
	at org.springframework.test.web.servlet.result.StatusResultMatchers.lambda$matcher$9(StatusResultMatchers.java:637)
	at org.springframework.test.web.servlet.MockMvc$1.andExpect(MockMvc.java:214)
	at eci.edu.co.Tech_Cup_DOSW_BackEnd_2026_1.controller.JwtTokenFlowTest.expiredTokenReturnsUnauthorized(JwtTokenFlowTest.java:69)
	at java.base/java.lang.reflect.Method.invoke(Method.java:580)
	at java.base/java.util.ArrayList.forEach(ArrayList.java:1596)
	at java.base/java.util.ArrayList.forEach(ArrayList.java:1596)

[INFO] 
[INFO] Results:
[INFO] 
[ERROR] Failures: 
[ERROR]   JwtTokenFlowTest.expiredTokenReturnsUnauthorized:69 Status expected:<401> but was:<302>
[ERROR]   JwtTokenFlowTest.invalidTokenReturnsUnauthorized:79 Status expected:<401> but was:<302>
[ERROR]   JwtTokenFlowTest.malformedTokenReturnsUnauthorized:97 Status expected:<401> but was:<302>
[ERROR]   JwtTokenFlowTest.noTokenReturnsUnauthorized:86 Status expected:<401> but was:<302>
[ERROR]   JwtTokenFlowTest.validTokenGrantsAccess:58 Status expected:<200> but was:<302>
[INFO] 
[ERROR] Tests run: 5, Failures: 5, Errors: 0, Skipped: 0
[INFO] 
[INFO] ------------------------------------------------------------------------
[INFO] BUILD FAILURE
[INFO] ------------------------------------------------------------------------
[INFO] Total time:  32.616 s
[INFO] Finished at: 2026-04-12T01:39:24-05:00
[INFO] ------------------------------------------------------------------------
[ERROR] Failed to execute goal org.apache.maven.plugins:maven-surefire-plugin:3.5.4:test (default-test) on project Tech-Cup-DOSW-BackEnd-2026-1: There are test failures.
[ERROR] 
[ERROR] See E:\DOSW\Proyecto_T2\Backend\Tech-Cup-DOSW-2026-1-main\Tech-Cup-DOSW-2026-1-main\target\surefire-reports for the individual test results.
[ERROR] See dump files (if any exist) [date].dump, [date]-jvmRun[N].dump and [date].dumpstream.
[ERROR] -> [Help 1]
[ERROR] 
[ERROR] To see the full stack trace of the errors, re-run Maven with the -e switch.
[ERROR] Re-run Maven using the -X switch to enable full debug logging.
[ERROR] 
[ERROR] For more information about the errors and possible solutions, please read the following articles:
[ERROR] [Help 1] http://cwiki.apache.org/confluence/display/MAVEN/MojoFailureException
